// Jest Snapshot v1, https://goo.gl/fbAQLP

exports[`should render ExpenseList with expenses 1`] = `
<div>
  <ExpenseListItem
    amount={400}
    createdAt={0}
    description="Coffee"
    id="1"
    key="1"
    note=""
  />
  <ExpenseListItem
    amount={450000}
    createdAt={-345600000}
    description="Rent"
    id="2"
    key="2"
    note=""
  />
  <ExpenseListItem
    amount={5000}
    createdAt={345600000}
    description="Gas"
    id="3"
    key="3"
    note=""
  />
</div>
`;

exports[`should render message with no expenses 1`] = `
<div>
  <p>
    No expenses to show...
  </p>
</div>
`;
